main.c:76:5:main	2136	static
main.c:217:6:HAL_GPIO_EXTI_Callback	16	static
main.c:225:6:GSM_Get_File_From_Server	80	static
main.c:266:5:GSM_GET_FILE_SIZE	168	static
main.c:303:6:GSM_TO_STM_TO_EEPROM_FILE_SEND	1208	static
main.c:409:6:SystemClock_Config	72	static
main.c:448:13:MX_CRC_Init	8	static
main.c:474:13:MX_I2C2_Init	8	static
main.c:508:13:MX_USART1_UART_Init	8	static
main.c:541:13:MX_USART2_UART_Init	8	static
main.c:574:13:MX_GPIO_Init	40	static
main.c:614:6:Error_Handler	4	static,ignoring_inline_asm
